

================================================================
== Vivado HLS Report for 'midpoint_line'
================================================================
* Date:           Wed Aug 22 07:50:07 2018

* Version:        2018.2 (Build 2258646 on Thu Jun 14 20:25:20 MDT 2018)
* Project:        midpoint
* Solution:       solution1
* Product family: aartix7
* Target device:  xa7a12tcsg325-1q


================================================================
== Performance Estimates
================================================================
+ Timing (ns): 
    * Summary: 
    +--------+-------+----------+------------+
    |  Clock | Target| Estimated| Uncertainty|
    +--------+-------+----------+------------+
    |ap_clk  |  10.00|     5.404|        1.25|
    +--------+-------+----------+------------+

+ Latency (clock cycles): 
    * Summary: 
    +-----+-----+-----+-----+---------+
    |  Latency  |  Interval | Pipeline|
    | min | max | min | max |   Type  |
    +-----+-----+-----+-----+---------+
    |    ?|    ?|    ?|    ?|   none  |
    +-----+-----+-----+-----+---------+

    + Detail: 
        * Instance: 
        N/A

        * Loop: 
        +----------+-----+-----+----------+-----------+-----------+------+----------+
        |          |  Latency  | Iteration|  Initiation Interval  | Trip |          |
        | Loop Name| min | max |  Latency |  achieved |   target  | Count| Pipelined|
        +----------+-----+-----+----------+-----------+-----------+------+----------+
        |- Loop 1  |    ?|    ?|         1|          -|          -|     ?|    no    |
        +----------+-----+-----+----------+-----------+-----------+------+----------+



================================================================
== Utilization Estimates
================================================================
* Summary: 
+-----------------+---------+-------+-------+------+
|       Name      | BRAM_18K| DSP48E|   FF  |  LUT |
+-----------------+---------+-------+-------+------+
|DSP              |        -|      -|      -|     -|
|Expression       |        -|      -|      0|   465|
|FIFO             |        -|      -|      -|     -|
|Instance         |        -|      -|      -|     -|
|Memory           |        -|      -|      -|     -|
|Multiplexer      |        -|      -|      -|    48|
|Register         |        -|      -|    226|     -|
+-----------------+---------+-------+-------+------+
|Total            |        0|      0|    226|   513|
+-----------------+---------+-------+-------+------+
|Available        |       40|     40|  16000|  8000|
+-----------------+---------+-------+-------+------+
|Utilization (%)  |        0|      0|      1|     6|
+-----------------+---------+-------+-------+------+

+ Detail: 
    * Instance: 
    N/A

    * DSP48: 
    N/A

    * Memory: 
    N/A

    * FIFO: 
    N/A

    * Expression: 
    +-------------------+----------+-------+---+----+------------+------------+
    |   Variable Name   | Operation| DSP48E| FF| LUT| Bitwidth P0| Bitwidth P1|
    +-------------------+----------+-------+---+----+------------+------------+
    |d_1_fu_214_p2      |     +    |      0|  0|  39|          32|          32|
    |midpoint_PX        |     +    |      0|  0|  39|          32|           1|
    |y_1_fu_193_p2      |     +    |      0|  0|  39|          32|           1|
    |d_fu_162_p2        |     -    |      0|  0|  39|          32|          32|
    |dx_fu_97_p2        |     -    |      0|  0|  39|          32|          32|
    |dy_fu_119_p2       |     -    |      0|  0|  39|          32|          32|
    |p_neg_fu_103_p2    |     -    |      0|  0|  39|           1|          32|
    |p_neg_t_fu_135_p2  |     -    |      0|  0|  39|           1|          32|
    |tmp_2_fu_168_p2    |     -    |      0|  0|  39|          32|          32|
    |tmp_3_fu_173_p2    |   icmp   |      0|  0|  18|          32|          32|
    |dy_0_s_fu_199_p3   |  select  |      0|  0|  32|           1|          32|
    |midpoint_PY        |  select  |      0|  0|  32|           1|          32|
    |tmp_fu_154_p3      |  select  |      0|  0|  32|           1|          32|
    +-------------------+----------+-------+---+----+------------+------------+
    |Total              |          |      0|  0| 465|         261|         354|
    +-------------------+----------+-------+---+----+------------+------------+

    * Multiplexer: 
    +-----------+----+-----------+-----+-----------+
    |    Name   | LUT| Input Size| Bits| Total Bits|
    +-----------+----+-----------+-----+-----------+
    |ap_NS_fsm  |  21|          4|    1|          4|
    |d1_reg_70  |   9|          2|   32|         64|
    |x1_reg_79  |   9|          2|   32|         64|
    |y1_reg_88  |   9|          2|   32|         64|
    +-----------+----+-----------+-----+-----------+
    |Total      |  48|         10|   97|        196|
    +-----------+----+-----------+-----+-----------+

    * Register: 
    +----------------+----+----+-----+-----------+
    |      Name      | FF | LUT| Bits| Const Bits|
    +----------------+----+----+-----+-----------+
    |ap_CS_fsm       |   3|   0|    3|          0|
    |d1_reg_70       |  32|   0|   32|          0|
    |dx_reg_230      |  32|   0|   32|          0|
    |dy_reg_247      |  32|   0|   32|          0|
    |p_lshr_reg_237  |  31|   0|   31|          0|
    |tmp_2_reg_257   |  32|   0|   32|          0|
    |x1_reg_79       |  32|   0|   32|          0|
    |y1_reg_88       |  32|   0|   32|          0|
    +----------------+----+----+-----+-----------+
    |Total           | 226|   0|  226|          0|
    +----------------+----+----+-----+-----------+



================================================================
== Interface
================================================================
* Summary: 
+--------------------+-----+-----+------------+----------------+--------------+
|      RTL Ports     | Dir | Bits|  Protocol  |  Source Object |    C Type    |
+--------------------+-----+-----+------------+----------------+--------------+
|ap_clk              |  in |    1| ap_ctrl_hs | midpoint::line | return value |
|ap_rst              |  in |    1| ap_ctrl_hs | midpoint::line | return value |
|ap_start            |  in |    1| ap_ctrl_hs | midpoint::line | return value |
|ap_done             | out |    1| ap_ctrl_hs | midpoint::line | return value |
|ap_idle             | out |    1| ap_ctrl_hs | midpoint::line | return value |
|ap_ready            | out |    1| ap_ctrl_hs | midpoint::line | return value |
|midpoint_X0         |  in |   32|   ap_none  |   midpoint_X0  |    pointer   |
|midpoint_Y0         |  in |   32|   ap_none  |   midpoint_Y0  |    pointer   |
|midpoint_X1         |  in |   32|   ap_none  |   midpoint_X1  |    pointer   |
|midpoint_Y1         |  in |   32|   ap_none  |   midpoint_Y1  |    pointer   |
|midpoint_PX         | out |   32|   ap_vld   |   midpoint_PX  |    pointer   |
|midpoint_PX_ap_vld  | out |    1|   ap_vld   |   midpoint_PX  |    pointer   |
|midpoint_PY         | out |   32|   ap_vld   |   midpoint_PY  |    pointer   |
|midpoint_PY_ap_vld  | out |    1|   ap_vld   |   midpoint_PY  |    pointer   |
+--------------------+-----+-----+------------+----------------+--------------+

