#-----------------------------------------------------------
# Webtalk v2018.2 (64-bit)
# SW Build 2258646 on Thu Jun 14 20:02:38 MDT 2018
# IP Build 2256618 on Thu Jun 14 22:10:49 MDT 2018
# Start of session at: Wed Aug 22 22:15:53 2018
# Process ID: 32064
# Current directory: /home/herreral/Code/SystemC/HLSLinearGPU/HLS/LineAlgorithms/lineAlgorithms/bresenham/sim/verilog
# Command line: wbtcv -mode batch -source /home/herreral/Code/SystemC/HLSLinearGPU/HLS/LineAlgorithms/lineAlgorithms/bresenham/sim/verilog/xsim.dir/bresenham/webtalk/xsim_webtalk.tcl -notrace
# Log file: /home/herreral/Code/SystemC/HLSLinearGPU/HLS/LineAlgorithms/lineAlgorithms/bresenham/sim/verilog/webtalk.log
# Journal file: /home/herreral/Code/SystemC/HLSLinearGPU/HLS/LineAlgorithms/lineAlgorithms/bresenham/sim/verilog/webtalk.jou
#-----------------------------------------------------------
source /home/herreral/Code/SystemC/HLSLinearGPU/HLS/LineAlgorithms/lineAlgorithms/bresenham/sim/verilog/xsim.dir/bresenham/webtalk/xsim_webtalk.tcl -notrace
