

================================================================
== Vivado HLS Report for 'dda'
================================================================
* Date:           Wed Aug 22 22:20:07 2018

* Version:        2018.2 (Build 2258646 on Thu Jun 14 20:25:20 MDT 2018)
* Project:        lineAlgorithms
* Solution:       dda
* Product family: aartix7
* Target device:  xa7a12tcsg325-1q


================================================================
== Performance Estimates
================================================================
+ Timing (ns): 
    * Summary: 
    +--------+-------+----------+------------+
    |  Clock | Target| Estimated| Uncertainty|
    +--------+-------+----------+------------+
    |ap_clk  |  10.00|     8.380|        1.25|
    +--------+-------+----------+------------+

+ Latency (clock cycles): 
    * Summary: 
    +-----+-----+-----+-----+---------+
    |  Latency  |  Interval | Pipeline|
    | min | max | min | max |   Type  |
    +-----+-----+-----+-----+---------+
    |    ?|    ?|    ?|    ?|   none  |
    +-----+-----+-----+-----+---------+

    + Detail: 
        * Instance: 
        N/A

        * Loop: 
        +----------+-----+-----+----------+-----------+-----------+------+----------+
        |          |  Latency  | Iteration|  Initiation Interval  | Trip |          |
        | Loop Name| min | max |  Latency |  achieved |   target  | Count| Pipelined|
        +----------+-----+-----+----------+-----------+-----------+------+----------+
        |- Loop 1  |    ?|    ?|         9|          -|          -|     ?|    no    |
        +----------+-----+-----+----------+-----------+-----------+------+----------+



================================================================
== Utilization Estimates
================================================================
* Summary: 
+-----------------+---------+-------+-------+------+
|       Name      | BRAM_18K| DSP48E|   FF  |  LUT |
+-----------------+---------+-------+-------+------+
|DSP              |        -|      -|      -|     -|
|Expression       |        -|      -|      0|  3669|
|FIFO             |        -|      -|      -|     -|
|Instance         |        -|     10|   3575|  7491|
|Memory           |        -|      -|      -|     -|
|Multiplexer      |        -|      -|      -|   220|
|Register         |        -|      -|   1182|     -|
+-----------------+---------+-------+-------+------+
|Total            |        0|     10|   4757| 11380|
+-----------------+---------+-------+-------+------+
|Available        |       40|     40|  16000|  8000|
+-----------------+---------+-------+-------+------+
|Utilization (%)  |        0|     25|     29|   142|
+-----------------+---------+-------+-------+------+

+ Detail: 
    * Instance: 
    +--------------------------+----------------------+---------+-------+-----+------+
    |         Instance         |        Module        | BRAM_18K| DSP48E|  FF |  LUT |
    +--------------------------+----------------------+---------+-------+-----+------+
    |dda_dadd_64ns_64ng8j_U12  |dda_dadd_64ns_64ng8j  |        0|      3|  509|  1165|
    |dda_dadd_64ns_64ng8j_U13  |dda_dadd_64ns_64ng8j  |        0|      3|  509|  1165|
    |dda_fadd_32ns_32nbkb_U1   |dda_fadd_32ns_32nbkb  |        0|      2|  205|   390|
    |dda_fadd_32ns_32nbkb_U2   |dda_fadd_32ns_32nbkb  |        0|      2|  205|   390|
    |dda_fcmp_32ns_32nfYi_U10  |dda_fcmp_32ns_32nfYi  |        0|      0|   66|   239|
    |dda_fcmp_32ns_32nfYi_U11  |dda_fcmp_32ns_32nfYi  |        0|      0|   66|   239|
    |dda_fdiv_32ns_32ncud_U3   |dda_fdiv_32ns_32ncud  |        0|      0|  564|   991|
    |dda_fdiv_32ns_32ncud_U4   |dda_fdiv_32ns_32ncud  |        0|      0|  564|   991|
    |dda_fpext_32ns_64eOg_U8   |dda_fpext_32ns_64eOg  |        0|      0|  100|   137|
    |dda_fpext_32ns_64eOg_U9   |dda_fpext_32ns_64eOg  |        0|      0|  100|   137|
    |dda_sitofp_32ns_3dEe_U5   |dda_sitofp_32ns_3dEe  |        0|      0|  229|   549|
    |dda_sitofp_32ns_3dEe_U6   |dda_sitofp_32ns_3dEe  |        0|      0|  229|   549|
    |dda_sitofp_32ns_3dEe_U7   |dda_sitofp_32ns_3dEe  |        0|      0|  229|   549|
    +--------------------------+----------------------+---------+-------+-----+------+
    |Total                     |                      |        0|     10| 3575|  7491|
    +--------------------------+----------------------+---------+-------+-----+------+

    * DSP48: 
    N/A

    * Memory: 
    N/A

    * FIFO: 
    N/A

    * Expression: 
    +------------------------------+----------+-------+---+-----+------------+------------+
    |         Variable Name        | Operation| DSP48E| FF| LUT | Bitwidth P0| Bitwidth P1|
    +------------------------------+----------+-------+---+-----+------------+------------+
    |i_1_fu_275_p2                 |     +    |      0|  0|   39|          32|           1|
    |sh_assign_2_fu_523_p2         |     +    |      0|  0|   19|          11|          12|
    |sh_assign_4_fu_645_p2         |     +    |      0|  0|   19|          11|          12|
    |sh_assign_6_fu_767_p2         |     +    |      0|  0|   19|          11|          12|
    |sh_assign_fu_401_p2           |     +    |      0|  0|   19|          11|          12|
    |dx_fu_210_p2                  |     -    |      0|  0|   39|          32|          32|
    |dy_fu_216_p2                  |     -    |      0|  0|   39|          32|          32|
    |p_Val2_6_i_i_i1_i1_fu_925_p2  |     -    |      0|  0|   39|           1|          32|
    |p_Val2_6_i_i_i1_i_fu_879_p2   |     -    |      0|  0|   39|           1|          32|
    |p_Val2_6_i_i_i_i1_fu_906_p2   |     -    |      0|  0|   39|           1|          32|
    |p_Val2_6_i_i_i_i_fu_860_p2    |     -    |      0|  0|   39|           1|          32|
    |tmp_9_i_i_i1_i1_fu_781_p2     |     -    |      0|  0|   18|          10|          11|
    |tmp_9_i_i_i1_i_fu_537_p2      |     -    |      0|  0|   18|          10|          11|
    |tmp_9_i_i_i_i1_fu_659_p2      |     -    |      0|  0|   18|          10|          11|
    |tmp_9_i_i_i_i_fu_415_p2       |     -    |      0|  0|   18|          10|          11|
    |tmp_i2_fu_244_p2              |     -    |      0|  0|   39|           1|          32|
    |tmp_i_8_fu_227_p2             |     -    |      0|  0|   39|           1|          32|
    |tmp_13_fu_359_p2              |    and   |      0|  0|    8|           1|           1|
    |tmp_4_fu_317_p2               |    and   |      0|  0|    8|           1|           1|
    |notlhs1_fu_341_p2             |   icmp   |      0|  0|   11|           8|           2|
    |notlhs_fu_299_p2              |   icmp   |      0|  0|   11|           8|           2|
    |notrhs1_fu_347_p2             |   icmp   |      0|  0|   18|          23|           1|
    |notrhs_fu_305_p2              |   icmp   |      0|  0|   18|          23|           1|
    |tmp_5_fu_256_p2               |   icmp   |      0|  0|   18|          32|          32|
    |tmp_9_fu_270_p2               |   icmp   |      0|  0|   18|          32|          32|
    |tmp_i1_fu_239_p2              |   icmp   |      0|  0|   18|          32|           1|
    |tmp_i_fu_222_p2               |   icmp   |      0|  0|   18|          32|           1|
    |tmp_1_i_i_i1_i1_fu_811_p2     |   lshr   |      0|  0|  162|          54|          54|
    |tmp_1_i_i_i1_i_fu_567_p2      |   lshr   |      0|  0|  162|          54|          54|
    |tmp_1_i_i_i_i1_fu_689_p2      |   lshr   |      0|  0|  162|          54|          54|
    |tmp_1_i_i_i_i_fu_445_p2       |   lshr   |      0|  0|  162|          54|          54|
    |tmp_11_fu_353_p2              |    or    |      0|  0|    8|           1|           1|
    |tmp_2_fu_311_p2               |    or    |      0|  0|    8|           1|           1|
    |n_assign_1_fu_232_p3          |  select  |      0|  0|   32|           1|          32|
    |n_assign_3_fu_249_p3          |  select  |      0|  0|   32|           1|          32|
    |p_Val2_12_fu_723_p3           |  select  |      0|  0|   32|           1|          32|
    |p_Val2_14_fu_911_p3           |  select  |      0|  0|   32|           1|          32|
    |p_Val2_17_fu_845_p3           |  select  |      0|  0|   32|           1|          32|
    |p_Val2_19_fu_930_p3           |  select  |      0|  0|   32|           1|          32|
    |p_Val2_2_fu_479_p3            |  select  |      0|  0|   32|           1|          32|
    |p_Val2_4_fu_865_p3            |  select  |      0|  0|   32|           1|          32|
    |p_Val2_7_fu_601_p3            |  select  |      0|  0|   32|           1|          32|
    |p_Val2_9_fu_884_p3            |  select  |      0|  0|   32|           1|          32|
    |sh_assign_1_fu_425_p3         |  select  |      0|  0|   12|           1|          12|
    |sh_assign_3_fu_547_p3         |  select  |      0|  0|   12|           1|          12|
    |sh_assign_5_fu_669_p3         |  select  |      0|  0|   12|           1|          12|
    |sh_assign_7_fu_791_p3         |  select  |      0|  0|   12|           1|          12|
    |steps_fu_262_p3               |  select  |      0|  0|   32|           1|          32|
    |xp                            |  select  |      0|  0|   32|           1|          32|
    |yp                            |  select  |      0|  0|   32|           1|          32|
    |tmp_3_i_i_i1_i1_fu_817_p2     |    shl   |      0|  0|  474|         137|         137|
    |tmp_3_i_i_i1_i_fu_573_p2      |    shl   |      0|  0|  474|         137|         137|
    |tmp_3_i_i_i_i1_fu_695_p2      |    shl   |      0|  0|  474|         137|         137|
    |tmp_3_i_i_i_i_fu_451_p2       |    shl   |      0|  0|  474|         137|         137|
    +------------------------------+----------+-------+---+-----+------------+------------+
    |Total                         |          |      0|  0| 3669|        1161|        1653|
    +------------------------------+----------+-------+---+-----+------------+------------+

    * Multiplexer: 
    +--------------------+-----+-----------+-----+-----------+
    |        Name        | LUT | Input Size| Bits| Total Bits|
    +--------------------+-----+-----------+-----+-----------+
    |ap_NS_fsm           |  133|         29|    1|         29|
    |grp_fu_161_p0       |   15|          3|   32|         96|
    |grp_fu_164_p0       |   15|          3|   32|         96|
    |grp_fu_190_p1       |   15|          3|   64|        192|
    |grp_fu_196_p1       |   15|          3|   64|        192|
    |i_reg_132           |    9|          2|   32|         64|
    |x_assign_3_reg_122  |    9|          2|   32|         64|
    |x_assign_reg_112    |    9|          2|   32|         64|
    +--------------------+-----+-----------+-----+-----------+
    |Total               |  220|         47|  289|        797|
    +--------------------+-----+-----------+-----+-----------+

    * Register: 
    +--------------------+----+----+-----+-----------+
    |        Name        | FF | LUT| Bits| Const Bits|
    +--------------------+----+----+-----+-----------+
    |X_1_reg_1041        |  32|   0|   32|          0|
    |X_reg_993           |  32|   0|   32|          0|
    |Xinc_reg_1003       |  32|   0|   32|          0|
    |Y_1_reg_1046        |  32|   0|   32|          0|
    |Y_reg_998           |  32|   0|   32|          0|
    |Yinc_reg_1008       |  32|   0|   32|          0|
    |ap_CS_fsm           |  28|   0|   28|          0|
    |dx_reg_955          |  32|   0|   32|          0|
    |dy_reg_963          |  32|   0|   32|          0|
    |i_1_reg_1016        |  32|   0|   32|          0|
    |i_reg_132           |  32|   0|   32|          0|
    |p_Val2_10_reg_1073  |  64|   0|   64|          0|
    |p_Val2_12_reg_1078  |  32|   0|   32|          0|
    |p_Val2_15_reg_1084  |  64|   0|   64|          0|
    |p_Val2_17_reg_1089  |  32|   0|   32|          0|
    |p_Val2_2_reg_1056   |  32|   0|   32|          0|
    |p_Val2_5_reg_1062   |  64|   0|   64|          0|
    |p_Val2_7_reg_1067   |  32|   0|   32|          0|
    |p_Val2_s_reg_1051   |  64|   0|   64|          0|
    |reg_202             |  64|   0|   64|          0|
    |reg_206             |  64|   0|   64|          0|
    |steps_reg_971       |  32|   0|   32|          0|
    |tmp_13_reg_1031     |   1|   0|    1|          0|
    |tmp_1_i4_reg_1036   |  64|   0|   64|          0|
    |tmp_1_i_reg_1026    |  64|   0|   64|          0|
    |tmp_4_reg_1021      |   1|   0|    1|          0|
    |tmp_6_reg_977       |  32|   0|   32|          0|
    |tmp_7_reg_982       |  32|   0|   32|          0|
    |tmp_8_reg_988       |  32|   0|   32|          0|
    |x_assign_3_reg_122  |  32|   0|   32|          0|
    |x_assign_reg_112    |  32|   0|   32|          0|
    +--------------------+----+----+-----+-----------+
    |Total               |1182|   0| 1182|          0|
    +--------------------+----+----+-----+-----------+



================================================================
== Interface
================================================================
* Summary: 
+-----------+-----+-----+------------+--------------+--------------+
| RTL Ports | Dir | Bits|  Protocol  | Source Object|    C Type    |
+-----------+-----+-----+------------+--------------+--------------+
|ap_clk     |  in |    1| ap_ctrl_hs |      dda     | return value |
|ap_rst     |  in |    1| ap_ctrl_hs |      dda     | return value |
|ap_start   |  in |    1| ap_ctrl_hs |      dda     | return value |
|ap_done    | out |    1| ap_ctrl_hs |      dda     | return value |
|ap_idle    | out |    1| ap_ctrl_hs |      dda     | return value |
|ap_ready   | out |    1| ap_ctrl_hs |      dda     | return value |
|x0         |  in |   32|   ap_none  |      x0      |    scalar    |
|y0         |  in |   32|   ap_none  |      y0      |    scalar    |
|x1         |  in |   32|   ap_none  |      x1      |    scalar    |
|y1         |  in |   32|   ap_none  |      y1      |    scalar    |
|xp         | out |   32|   ap_vld   |      xp      |    pointer   |
|xp_ap_vld  | out |    1|   ap_vld   |      xp      |    pointer   |
|yp         | out |   32|   ap_vld   |      yp      |    pointer   |
|yp_ap_vld  | out |    1|   ap_vld   |      yp      |    pointer   |
+-----------+-----+-----+------------+--------------+--------------+

